<!DOCTYPE HTML PUBLIC "-//W3C//DTD HTML 4.01 Transitional//EN">
<html>
  <head>
    <title>Print out the names of the current Factories</title>
    
    
  </head>

  <body>
    <h1>Print out the names of the current Factories</h1>



  <form id="_id0" method="post" action="/jsf-systest/faces/factoryFinder.jsp;jsessionid=57B858635C715301AA4707B689078192" enctype="application/x-www-form-urlencoded">


      ApplicationFactoryWrapper FacesContextFactoryWrapper LifecycleFactoryWrapper RenderKitFactoryWrapper 

  <input type="hidden" name="com.sun.faces.VIEW" id="com.sun.faces.VIEW" value="_id13:_id14" /><input type="hidden" name="_id0" value="_id0" />
<script type="text/javascript">
<!--
function clearFormHiddenParams__id0(curFormName) {
  var curForm = document.forms[curFormName];
}
//-->
</script>
</form>



    <hr>
  </body>
</html>
