<!--
 Copyright 2004 Sun Microsystems, Inc. All rights reserved.
 SUN PROPRIETARY/CONFIDENTIAL. Use is subject to license terms.
-->






<html>
<head>
<title>subview04</title>
</head>
<body>
[A]

The requested resource (/jsf-systest/Begin test <c:include> with subview tag in including page) is not available

subview04

bar02<!--
 Copyright 2004 Sun Microsystems, Inc. All rights reserved.
 SUN PROPRIETARY/CONFIDENTIAL. Use is subject to license terms.
-->










End test &lt;c:include&gt; with subview tag in including page
</body>
</html>

